
Scheduler.js:525 [F:29 Main:0] Work loop finished. No parallel jobs, skipping barrier.
Scheduler.js:525 [F:30 Main:0] Work loop finished. No parallel jobs, skipping barrier.
400197a0-fe4a-46c9-8ff8-48237c5acb5e:254 [F:30 Worker:2] No work, incremented idle to 1.
400197a0-fe4a-46c9-8ff8-48237c5acb5e:254 [F:30 Worker:3] No work, incremented idle to 3.
400197a0-fe4a-46c9-8ff8-48237c5acb5e:254 [F:30 Worker:1] No work, incremented idle to 2.
400197a0-fe4a-46c9-8ff8-48237c5acb5e:254 [F:30 Worker:4] No work, incremented idle to 4.
400197a0-fe4a-46c9-8ff8-48237c5acb5e:254 [F:30 Worker:5] No work, incremented idle to 5.
400197a0-fe4a-46c9-8ff8-48237c5acb5e:254 [F:30 Worker:6] No work, incremented idle to 6.
400197a0-fe4a-46c9-8ff8-48237c5acb5e:254 [F:30 Worker:7] No work, incremented idle to 7.
400197a0-fe4a-46c9-8ff8-48237c5acb5e:266 [F:30 Worker:1] Going to sleep...
400197a0-fe4a-46c9-8ff8-48237c5acb5e:266 [F:30 Worker:5] Going to sleep...
400197a0-fe4a-46c9-8ff8-48237c5acb5e:254 [F:30 Worker:10] No work, incremented idle to 8.
400197a0-fe4a-46c9-8ff8-48237c5acb5e:266 [F:30 Worker:3] Going to sleep...
400197a0-fe4a-46c9-8ff8-48237c5acb5e:254 [F:30 Worker:8] No work, incremented idle to 9.
400197a0-fe4a-46c9-8ff8-48237c5acb5e:266 [F:30 Worker:7] Going to sleep...
400197a0-fe4a-46c9-8ff8-48237c5acb5e:266 [F:30 Worker:6] Going to sleep...
400197a0-fe4a-46c9-8ff8-48237c5acb5e:270 [F:30 Worker:1] Woke up.
400197a0-fe4a-46c9-8ff8-48237c5acb5e:270 [F:30 Worker:5] Woke up.
400197a0-fe4a-46c9-8ff8-48237c5acb5e:270 [F:30 Worker:7] Woke up.
400197a0-fe4a-46c9-8ff8-48237c5acb5e:254 [F:30 Worker:11] No work, incremented idle to 10.
400197a0-fe4a-46c9-8ff8-48237c5acb5e:254 [F:30 Worker:9] No work, incremented idle to 11.
400197a0-fe4a-46c9-8ff8-48237c5acb5e:266 [F:30 Worker:8] Going to sleep...
400197a0-fe4a-46c9-8ff8-48237c5acb5e:254 [F:30 Worker:1] No work, incremented idle to 12.
400197a0-fe4a-46c9-8ff8-48237c5acb5e:270 [F:30 Worker:3] Woke up.
400197a0-fe4a-46c9-8ff8-48237c5acb5e:254 [F:30 Worker:5] No work, incremented idle to 13.
400197a0-fe4a-46c9-8ff8-48237c5acb5e:254 [F:30 Worker:7] No work, incremented idle to 14.
400197a0-fe4a-46c9-8ff8-48237c5acb5e:270 [F:30 Worker:8] Woke up.
400197a0-fe4a-46c9-8ff8-48237c5acb5e:266 [F:30 Worker:5] Going to sleep...
400197a0-fe4a-46c9-8ff8-48237c5acb5e:266 [F:30 Worker:1] Going to sleep...
400197a0-fe4a-46c9-8ff8-48237c5acb5e:266 [F:30 Worker:9] Going to sleep...
400197a0-fe4a-46c9-8ff8-48237c5acb5e:266 [F:30 Worker:7] Going to sleep...
400197a0-fe4a-46c9-8ff8-48237c5acb5e:270 [F:30 Worker:7] Woke up.
400197a0-fe4a-46c9-8ff8-48237c5acb5e:270 [F:30 Worker:1] Woke up.
400197a0-fe4a-46c9-8ff8-48237c5acb5e:270 [F:30 Worker:6] Woke up.
400197a0-fe4a-46c9-8ff8-48237c5acb5e:266 [F:30 Worker:2] Going to sleep...
400197a0-fe4a-46c9-8ff8-48237c5acb5e:270 [F:30 Worker:9] Woke up.
400197a0-fe4a-46c9-8ff8-48237c5acb5e:254 [F:30 Worker:3] No work, incremented idle to 15.
400197a0-fe4a-46c9-8ff8-48237c5acb5e:266 [F:30 Worker:11] Going to sleep...
400197a0-fe4a-46c9-8ff8-48237c5acb5e:254 [F:30 Worker:7] No work, incremented idle to 16.
400197a0-fe4a-46c9-8ff8-48237c5acb5e:254 [F:30 Worker:1] No work, incremented idle to 17.
400197a0-fe4a-46c9-8ff8-48237c5acb5e:266 [F:30 Worker:3] Going to sleep...
400197a0-fe4a-46c9-8ff8-48237c5acb5e:270 [F:30 Worker:11] Woke up.
400197a0-fe4a-46c9-8ff8-48237c5acb5e:270 [F:30 Worker:2] Woke up.
400197a0-fe4a-46c9-8ff8-48237c5acb5e:254 [F:30 Worker:9] No work, incremented idle to 18.
400197a0-fe4a-46c9-8ff8-48237c5acb5e:266 [F:30 Worker:7] Going to sleep...
400197a0-fe4a-46c9-8ff8-48237c5acb5e:270 [F:30 Worker:3] Woke up.
400197a0-fe4a-46c9-8ff8-48237c5acb5e:254 [F:30 Worker:6] No work, incremented idle to 19.
400197a0-fe4a-46c9-8ff8-48237c5acb5e:266 [F:30 Worker:9] Going to sleep...
400197a0-fe4a-46c9-8ff8-48237c5acb5e:266 [F:30 Worker:1] Going to sleep...
400197a0-fe4a-46c9-8ff8-48237c5acb5e:254 [F:30 Worker:11] No work, incremented idle to 20.
400197a0-fe4a-46c9-8ff8-48237c5acb5e:270 [F:30 Worker:7] Woke up.
400197a0-fe4a-46c9-8ff8-48237c5acb5e:254 [F:30 Worker:2] No work, incremented idle to 21.
400197a0-fe4a-46c9-8ff8-48237c5acb5e:266 [F:30 Worker:6] Going to sleep...
400197a0-fe4a-46c9-8ff8-48237c5acb5e:270 [F:30 Worker:5] Woke up.
400197a0-fe4a-46c9-8ff8-48237c5acb5e:254 [F:30 Worker:3] No work, incremented idle to 23.
400197a0-fe4a-46c9-8ff8-48237c5acb5e:254 [F:30 Worker:8] No work, incremented idle to 22.
400197a0-fe4a-46c9-8ff8-48237c5acb5e:254 [F:30 Worker:7] No work, incremented idle to 24.
400197a0-fe4a-46c9-8ff8-48237c5acb5e:270 [F:30 Worker:9] Woke up.
400197a0-fe4a-46c9-8ff8-48237c5acb5e:266 [F:30 Worker:4] Going to sleep...
400197a0-fe4a-46c9-8ff8-48237c5acb5e:266 [F:30 Worker:2] Going to sleep...
400197a0-fe4a-46c9-8ff8-48237c5acb5e:270 [F:30 Worker:6] Woke up.
400197a0-fe4a-46c9-8ff8-48237c5acb5e:266 [F:30 Worker:3] Going to sleep...
400197a0-fe4a-46c9-8ff8-48237c5acb5e:266 [F:30 Worker:10] Going to sleep...
400197a0-fe4a-46c9-8ff8-48237c5acb5e:254 [F:30 Worker:9] No work, incremented idle to 25.
400197a0-fe4a-46c9-8ff8-48237c5acb5e:270 [F:30 Worker:4] Woke up.
400197a0-fe4a-46c9-8ff8-48237c5acb5e:266 [F:30 Worker:11] Going to sleep...
400197a0-fe4a-46c9-8ff8-48237c5acb5e:270 [F:30 Worker:2] Woke up.
400197a0-fe4a-46c9-8ff8-48237c5acb5e:270 [F:30 Worker:10] Woke up.
400197a0-fe4a-46c9-8ff8-48237c5acb5e:266 [F:30 Worker:9] Going to sleep...
400197a0-fe4a-46c9-8ff8-48237c5acb5e:266 [F:30 Worker:8] Going to sleep...
400197a0-fe4a-46c9-8ff8-48237c5acb5e:270 [F:30 Worker:1] Woke up.
400197a0-fe4a-46c9-8ff8-48237c5acb5e:270 [F:30 Worker:3] Woke up.
400197a0-fe4a-46c9-8ff8-48237c5acb5e:270 [F:30 Worker:11] Woke up.
400197a0-fe4a-46c9-8ff8-48237c5acb5e:254 [F:30 Worker:2] No work, incremented idle to 26.
400197a0-fe4a-46c9-8ff8-48237c5acb5e:266 [F:30 Worker:7] Going to sleep...
400197a0-fe4a-46c9-8ff8-48237c5acb5e:254 [F:30 Worker:6] No work, incremented idle to 27.
400197a0-fe4a-46c9-8ff8-48237c5acb5e:254 [F:30 Worker:1] No work, incremented idle to 28.
400197a0-fe4a-46c9-8ff8-48237c5acb5e:254 [F:30 Worker:10] No work, incremented idle to 29.
400197a0-fe4a-46c9-8ff8-48237c5acb5e:254 [F:30 Worker:3] No work, incremented idle to 30.
400197a0-fe4a-46c9-8ff8-48237c5acb5e:254 [F:30 Worker:11] No work, incremented idle to 31.
400197a0-fe4a-46c9-8ff8-48237c5acb5e:266 [F:30 Worker:2] Going to sleep...
400197a0-fe4a-46c9-8ff8-48237c5acb5e:266 [F:30 Worker:10] Going to sleep...
400197a0-fe4a-46c9-8ff8-48237c5acb5e:254 [F:30 Worker:5] No work, incremented idle to 32.
400197a0-fe4a-46c9-8ff8-48237c5acb5e:266 [F:30 Worker:6] Going to sleep...
400197a0-fe4a-46c9-8ff8-48237c5acb5e:270 [F:30 Worker:9] Woke up.
400197a0-fe4a-46c9-8ff8-48237c5acb5e:266 [F:30 Worker:11] Going to sleep...
400197a0-fe4a-46c9-8ff8-48237c5acb5e:270 [F:30 Worker:2] Woke up.
400197a0-fe4a-46c9-8ff8-48237c5acb5e:270 [F:30 Worker:10] Woke up.
400197a0-fe4a-46c9-8ff8-48237c5acb5e:266 [F:30 Worker:5] Going to sleep...
400197a0-fe4a-46c9-8ff8-48237c5acb5e:270 [F:30 Worker:7] Woke up.
400197a0-fe4a-46c9-8ff8-48237c5acb5e:270 [F:30 Worker:11] Woke up.
400197a0-fe4a-46c9-8ff8-48237c5acb5e:266 [F:30 Worker:3] Going to sleep...
400197a0-fe4a-46c9-8ff8-48237c5acb5e:270 [F:30 Worker:5] Woke up.
400197a0-fe4a-46c9-8ff8-48237c5acb5e:266 [F:30 Worker:1] Going to sleep...
400197a0-fe4a-46c9-8ff8-48237c5acb5e:254 [F:30 Worker:10] No work, incremented idle to 33.
400197a0-fe4a-46c9-8ff8-48237c5acb5e:254 [F:30 Worker:2] No work, incremented idle to 34.
400197a0-fe4a-46c9-8ff8-48237c5acb5e:270 [F:30 Worker:3] Woke up.
400197a0-fe4a-46c9-8ff8-48237c5acb5e:254 [F:30 Worker:11] No work, incremented idle to 35.
400197a0-fe4a-46c9-8ff8-48237c5acb5e:254 [F:30 Worker:7] No work, incremented idle to 36.
400197a0-fe4a-46c9-8ff8-48237c5acb5e:254 [F:30 Worker:5] No work, incremented idle to 37.
400197a0-fe4a-46c9-8ff8-48237c5acb5e:266 [F:30 Worker:10] Going to sleep...
400197a0-fe4a-46c9-8ff8-48237c5acb5e:266 [F:30 Worker:2] Going to sleep...
400197a0-fe4a-46c9-8ff8-48237c5acb5e:254 [F:30 Worker:3] No work, incremented idle to 38.
400197a0-fe4a-46c9-8ff8-48237c5acb5e:266 [F:30 Worker:11] Going to sleep...
400197a0-fe4a-46c9-8ff8-48237c5acb5e:266 [F:30 Worker:7] Going to sleep...
400197a0-fe4a-46c9-8ff8-48237c5acb5e:270 [F:30 Worker:10] Woke up.
400197a0-fe4a-46c9-8ff8-48237c5acb5e:270 [F:30 Worker:2] Woke up.
400197a0-fe4a-46c9-8ff8-48237c5acb5e:266 [F:30 Worker:5] Going to sleep...
400197a0-fe4a-46c9-8ff8-48237c5acb5e:270 [F:30 Worker:11] Woke up.
400197a0-fe4a-46c9-8ff8-48237c5acb5e:266 [F:30 Worker:3] Going to sleep...
400197a0-fe4a-46c9-8ff8-48237c5acb5e:270 [F:30 Worker:7] Woke up.
400197a0-fe4a-46c9-8ff8-48237c5acb5e:270 [F:30 Worker:1] Woke up.
400197a0-fe4a-46c9-8ff8-48237c5acb5e:270 [F:30 Worker:5] Woke up.
400197a0-fe4a-46c9-8ff8-48237c5acb5e:254 [F:30 Worker:10] No work, incremented idle to 40.
400197a0-fe4a-46c9-8ff8-48237c5acb5e:254 [F:30 Worker:2] No work, incremented idle to 41.
400197a0-fe4a-46c9-8ff8-48237c5acb5e:270 [F:30 Worker:3] Woke up.
400197a0-fe4a-46c9-8ff8-48237c5acb5e:254 [F:30 Worker:11] No work, incremented idle to 42.
400197a0-fe4a-46c9-8ff8-48237c5acb5e:254 [F:30 Worker:7] No work, incremented idle to 43.
400197a0-fe4a-46c9-8ff8-48237c5acb5e:254 [F:30 Worker:4] No work, incremented idle to 39.
400197a0-fe4a-46c9-8ff8-48237c5acb5e:254 [F:30 Worker:1] No work, incremented idle to 44.
400197a0-fe4a-46c9-8ff8-48237c5acb5e:266 [F:30 Worker:10] Going to sleep...
Scheduler.js:722 [F:30 Main:0] Job 0 unlocked Job 1.
400197a0-fe4a-46c9-8ff8-48237c5acb5e:266 [F:30 Worker:11] Going to sleep...
400197a0-fe4a-46c9-8ff8-48237c5acb5e:266 [F:30 Worker:2] Going to sleep...
400197a0-fe4a-46c9-8ff8-48237c5acb5e:254 [F:30 Worker:3] No work, incremented idle to 45.
400197a0-fe4a-46c9-8ff8-48237c5acb5e:266 [F:30 Worker:7] Going to sleep...
400197a0-fe4a-46c9-8ff8-48237c5acb5e:270 [F:30 Worker:10] Woke up.
400197a0-fe4a-46c9-8ff8-48237c5acb5e:266 [F:30 Worker:4] Going to sleep...
400197a0-fe4a-46c9-8ff8-48237c5acb5e:266 [F:30 Worker:1] Going to sleep...
400197a0-fe4a-46c9-8ff8-48237c5acb5e:270 [F:30 Worker:2] Woke up.
400197a0-fe4a-46c9-8ff8-48237c5acb5e:270 [F:30 Worker:8] Woke up.
400197a0-fe4a-46c9-8ff8-48237c5acb5e:266 [F:30 Worker:3] Going to sleep...
Scheduler.js:630 [F:30 Main:0] Notifying 1 thread (idle count was 45).
400197a0-fe4a-46c9-8ff8-48237c5acb5e:270 [F:30 Worker:7] Woke up.
400197a0-fe4a-46c9-8ff8-48237c5acb5e:270 [F:30 Worker:4] Woke up.
400197a0-fe4a-46c9-8ff8-48237c5acb5e:270 [F:30 Worker:1] Woke up.
400197a0-fe4a-46c9-8ff8-48237c5acb5e:270 [F:30 Worker:3] Woke up.
400197a0-fe4a-46c9-8ff8-48237c5acb5e:254 [F:30 Worker:2] No work, incremented idle to 46.
400197a0-fe4a-46c9-8ff8-48237c5acb5e:254 [F:30 Worker:8] No work, incremented idle to 47.
400197a0-fe4a-46c9-8ff8-48237c5acb5e:254 [F:30 Worker:10] No work, incremented idle to 48.
400197a0-fe4a-46c9-8ff8-48237c5acb5e:254 [F:30 Worker:7] No work, incremented idle to 49.
400197a0-fe4a-46c9-8ff8-48237c5acb5e:254 [F:30 Worker:1] No work, incremented idle to 50.
400197a0-fe4a-46c9-8ff8-48237c5acb5e:254 [F:30 Worker:4] No work, incremented idle to 51.
Scheduler.js:722 [F:30 Main:0] Job 0 unlocked Job 2.
400197a0-fe4a-46c9-8ff8-48237c5acb5e:254 [F:30 Worker:3] No work, incremented idle to 52.
400197a0-fe4a-46c9-8ff8-48237c5acb5e:266 [F:30 Worker:1] Going to sleep...
400197a0-fe4a-46c9-8ff8-48237c5acb5e:266 [F:30 Worker:2] Going to sleep...
400197a0-fe4a-46c9-8ff8-48237c5acb5e:266 [F:30 Worker:8] Going to sleep...
400197a0-fe4a-46c9-8ff8-48237c5acb5e:270 [F:30 Worker:6] Woke up.
Scheduler.js:630 [F:30 Main:0] Notifying 1 thread (idle count was 52).
400197a0-fe4a-46c9-8ff8-48237c5acb5e:266 [F:30 Worker:3] Going to sleep...
400197a0-fe4a-46c9-8ff8-48237c5acb5e:270 [F:30 Worker:1] Woke up.
400197a0-fe4a-46c9-8ff8-48237c5acb5e:254 [F:30 Worker:9] No work, incremented idle to 53.
400197a0-fe4a-46c9-8ff8-48237c5acb5e:266 [F:30 Worker:7] Going to sleep...
400197a0-fe4a-46c9-8ff8-48237c5acb5e:270 [F:30 Worker:2] Woke up.
400197a0-fe4a-46c9-8ff8-48237c5acb5e:270 [F:30 Worker:3] Woke up.
400197a0-fe4a-46c9-8ff8-48237c5acb5e:270 [F:30 Worker:8] Woke up.
400197a0-fe4a-46c9-8ff8-48237c5acb5e:254 [F:30 Worker:6] No work, incremented idle to 54.
Scheduler.js:722 [F:30 Main:0] Job 0 unlocked Job 3.
400197a0-fe4a-46c9-8ff8-48237c5acb5e:266 [F:30 Worker:9] Going to sleep...
400197a0-fe4a-46c9-8ff8-48237c5acb5e:266 [F:30 Worker:4] Going to sleep...
400197a0-fe4a-46c9-8ff8-48237c5acb5e:254 [F:30 Worker:2] No work, incremented idle to 55.
400197a0-fe4a-46c9-8ff8-48237c5acb5e:254 [F:30 Worker:3] No work, incremented idle to 56.
400197a0-fe4a-46c9-8ff8-48237c5acb5e:266 [F:30 Worker:6] Going to sleep...
Scheduler.js:630 [F:30 Main:0] Notifying 1 thread (idle count was 56).
400197a0-fe4a-46c9-8ff8-48237c5acb5e:270 [F:30 Worker:9] Woke up.
400197a0-fe4a-46c9-8ff8-48237c5acb5e:270 [F:30 Worker:4] Woke up.
400197a0-fe4a-46c9-8ff8-48237c5acb5e:254 [F:30 Worker:8] No work, incremented idle to 57.
400197a0-fe4a-46c9-8ff8-48237c5acb5e:266 [F:30 Worker:2] Going to sleep...
400197a0-fe4a-46c9-8ff8-48237c5acb5e:270 [F:30 Worker:6] Woke up.
Scheduler.js:722 [F:30 Main:0] Job 0 unlocked Job 4.
400197a0-fe4a-46c9-8ff8-48237c5acb5e:254 [F:30 Worker:9] No work, incremented idle to 59.
400197a0-fe4a-46c9-8ff8-48237c5acb5e:270 [F:30 Worker:2] Woke up.
400197a0-fe4a-46c9-8ff8-48237c5acb5e:266 [F:30 Worker:8] Going to sleep...
400197a0-fe4a-46c9-8ff8-48237c5acb5e:254 [F:30 Worker:6] No work, incremented idle to 60.
400197a0-fe4a-46c9-8ff8-48237c5acb5e:254 [F:30 Worker:1] No work, incremented idle to 58.
400197a0-fe4a-46c9-8ff8-48237c5acb5e:254 [F:30 Worker:4] No work, incremented idle to 61.
400197a0-fe4a-46c9-8ff8-48237c5acb5e:266 [F:30 Worker:10] Going to sleep...
Scheduler.js:630 [F:30 Main:0] Notifying 1 thread (idle count was 61).
400197a0-fe4a-46c9-8ff8-48237c5acb5e:270 [F:30 Worker:8] Woke up.
400197a0-fe4a-46c9-8ff8-48237c5acb5e:260 [F:30 Worker:9] Found job 4 on final check. Aborting sleep.
400197a0-fe4a-46c9-8ff8-48237c5acb5e:254 [F:30 Worker:2] No work, incremented idle to 62.
400197a0-fe4a-46c9-8ff8-48237c5acb5e:270 [F:30 Worker:10] Woke up.
400197a0-fe4a-46c9-8ff8-48237c5acb5e:254 [F:30 Worker:5] No work, incremented idle to 63.
Scheduler.js:722 [F:30 Main:0] Job 0 unlocked Job 5.
400197a0-fe4a-46c9-8ff8-48237c5acb5e:266 [F:30 Worker:1] Going to sleep...
400197a0-fe4a-46c9-8ff8-48237c5acb5e:254 [F:30 Worker:8] No work, incremented idle to 63.
400197a0-fe4a-46c9-8ff8-48237c5acb5e:266 [F:30 Worker:2] Going to sleep...
400197a0-fe4a-46c9-8ff8-48237c5acb5e:254 [F:30 Worker:10] No work, incremented idle to 64.
400197a0-fe4a-46c9-8ff8-48237c5acb5e:254 [F:30 Worker:9] No work, incremented idle to 65.
400197a0-fe4a-46c9-8ff8-48237c5acb5e:260 [F:30 Worker:5] Found job 5 on final check. Aborting sleep.
Scheduler.js:630 [F:30 Main:0] Notifying 1 thread (idle count was 65).
400197a0-fe4a-46c9-8ff8-48237c5acb5e:270 [F:30 Worker:2] Woke up.
400197a0-fe4a-46c9-8ff8-48237c5acb5e:266 [F:30 Worker:8] Going to sleep...
400197a0-fe4a-46c9-8ff8-48237c5acb5e:270 [F:30 Worker:1] Woke up.
400197a0-fe4a-46c9-8ff8-48237c5acb5e:266 [F:30 Worker:10] Going to sleep...
400197a0-fe4a-46c9-8ff8-48237c5acb5e:270 [F:30 Worker:8] Woke up.
400197a0-fe4a-46c9-8ff8-48237c5acb5e:266 [F:30 Worker:9] Going to sleep...
400197a0-fe4a-46c9-8ff8-48237c5acb5e:254 [F:30 Worker:2] No work, incremented idle to 65.
Scheduler.js:722 [F:30 Main:0] Job 0 unlocked Job 6.
400197a0-fe4a-46c9-8ff8-48237c5acb5e:254 [F:30 Worker:1] No work, incremented idle to 66.
400197a0-fe4a-46c9-8ff8-48237c5acb5e:270 [F:30 Worker:10] Woke up.
400197a0-fe4a-46c9-8ff8-48237c5acb5e:254 [F:30 Worker:5] No work, incremented idle to 67.
400197a0-fe4a-46c9-8ff8-48237c5acb5e:266 [F:30 Worker:2] Going to sleep...
400197a0-fe4a-46c9-8ff8-48237c5acb5e:254 [F:30 Worker:8] No work, incremented idle to 68.
400197a0-fe4a-46c9-8ff8-48237c5acb5e:270 [F:30 Worker:9] Woke up.
400197a0-fe4a-46c9-8ff8-48237c5acb5e:260 [F:30 Worker:1] Found job 6 on final check. Aborting sleep.
400197a0-fe4a-46c9-8ff8-48237c5acb5e:254 [F:30 Worker:10] No work, incremented idle to 69.
Scheduler.js:630 [F:30 Main:0] Notifying 1 thread (idle count was 68).
400197a0-fe4a-46c9-8ff8-48237c5acb5e:266 [F:30 Worker:3] Going to sleep...
400197a0-fe4a-46c9-8ff8-48237c5acb5e:270 [F:30 Worker:11] Woke up.
400197a0-fe4a-46c9-8ff8-48237c5acb5e:266 [F:30 Worker:8] Going to sleep...
400197a0-fe4a-46c9-8ff8-48237c5acb5e:266 [F:30 Worker:5] Going to sleep...
400197a0-fe4a-46c9-8ff8-48237c5acb5e:270 [F:30 Worker:2] Woke up.
400197a0-fe4a-46c9-8ff8-48237c5acb5e:254 [F:30 Worker:9] No work, incremented idle to 70.
400197a0-fe4a-46c9-8ff8-48237c5acb5e:266 [F:30 Worker:10] Going to sleep...
Scheduler.js:722 [F:30 Main:0] Job 0 unlocked Job 7.
400197a0-fe4a-46c9-8ff8-48237c5acb5e:270 [F:30 Worker:3] Woke up.
400197a0-fe4a-46c9-8ff8-48237c5acb5e:270 [F:30 Worker:8] Woke up.
400197a0-fe4a-46c9-8ff8-48237c5acb5e:270 [F:30 Worker:10] Woke up.
400197a0-fe4a-46c9-8ff8-48237c5acb5e:270 [F:30 Worker:5] Woke up.
400197a0-fe4a-46c9-8ff8-48237c5acb5e:266 [F:30 Worker:9] Going to sleep...
400197a0-fe4a-46c9-8ff8-48237c5acb5e:254 [F:30 Worker:2] No work, incremented idle to 70.
400197a0-fe4a-46c9-8ff8-48237c5acb5e:254 [F:30 Worker:1] No work, incremented idle to 71.
Scheduler.js:630 [F:30 Main:0] Notifying 1 thread (idle count was 71).
400197a0-fe4a-46c9-8ff8-48237c5acb5e:254 [F:30 Worker:10] No work, incremented idle to 72.
400197a0-fe4a-46c9-8ff8-48237c5acb5e:254 [F:30 Worker:8] No work, incremented idle to 73.
400197a0-fe4a-46c9-8ff8-48237c5acb5e:270 [F:30 Worker:9] Woke up.
400197a0-fe4a-46c9-8ff8-48237c5acb5e:266 [F:30 Worker:2] Going to sleep...
400197a0-fe4a-46c9-8ff8-48237c5acb5e:254 [F:30 Worker:5] No work, incremented idle to 74.
400197a0-fe4a-46c9-8ff8-48237c5acb5e:266 [F:30 Worker:1] Going to sleep...
400197a0-fe4a-46c9-8ff8-48237c5acb5e:254 [F:30 Worker:3] No work, incremented idle to 75.
Scheduler.js:722 [F:30 Main:0] Job 0 unlocked Job 8.
400197a0-fe4a-46c9-8ff8-48237c5acb5e:266 [F:30 Worker:10] Going to sleep...
400197a0-fe4a-46c9-8ff8-48237c5acb5e:266 [F:30 Worker:8] Going to sleep...
400197a0-fe4a-46c9-8ff8-48237c5acb5e:254 [F:30 Worker:9] No work, incremented idle to 76.
400197a0-fe4a-46c9-8ff8-48237c5acb5e:270 [F:30 Worker:2] Woke up.
400197a0-fe4a-46c9-8ff8-48237c5acb5e:266 [F:30 Worker:5] Going to sleep...
400197a0-fe4a-46c9-8ff8-48237c5acb5e:270 [F:30 Worker:10] Woke up.
Scheduler.js:630 [F:30 Main:0] Notifying 1 thread (idle count was 76).
400197a0-fe4a-46c9-8ff8-48237c5acb5e:260 [F:30 Worker:3] Found job 8 on final check. Aborting sleep.
400197a0-fe4a-46c9-8ff8-48237c5acb5e:270 [F:30 Worker:8] Woke up.
400197a0-fe4a-46c9-8ff8-48237c5acb5e:266 [F:30 Worker:6] Going to sleep...
400197a0-fe4a-46c9-8ff8-48237c5acb5e:266 [F:30 Worker:9] Going to sleep...
400197a0-fe4a-46c9-8ff8-48237c5acb5e:270 [F:30 Worker:5] Woke up.
400197a0-fe4a-46c9-8ff8-48237c5acb5e:254 [F:30 Worker:10] No work, incremented idle to 77.
400197a0-fe4a-46c9-8ff8-48237c5acb5e:254 [F:30 Worker:11] No work, incremented idle to 78.
Scheduler.js:722 [F:30 Main:0] Job 0 unlocked Job 9.
400197a0-fe4a-46c9-8ff8-48237c5acb5e:254 [F:30 Worker:8] No work, incremented idle to 78.
400197a0-fe4a-46c9-8ff8-48237c5acb5e:266 [F:30 Worker:10] Going to sleep...
400197a0-fe4a-46c9-8ff8-48237c5acb5e:270 [F:30 Worker:9] Woke up.
400197a0-fe4a-46c9-8ff8-48237c5acb5e:254 [F:30 Worker:3] No work, incremented idle to 79.
400197a0-fe4a-46c9-8ff8-48237c5acb5e:254 [F:30 Worker:5] No work, incremented idle to 80.
Scheduler.js:630 [F:30 Main:0] Notifying 1 thread (idle count was 79).
400197a0-fe4a-46c9-8ff8-48237c5acb5e:260 [F:30 Worker:11] Found job 9 on final check. Aborting sleep.
400197a0-fe4a-46c9-8ff8-48237c5acb5e:270 [F:30 Worker:10] Woke up.
400197a0-fe4a-46c9-8ff8-48237c5acb5e:270 [F:30 Worker:7] Woke up.
400197a0-fe4a-46c9-8ff8-48237c5acb5e:266 [F:30 Worker:3] Going to sleep...
Scheduler.js:722 [F:30 Main:0] Job 0 unlocked Job 10.
400197a0-fe4a-46c9-8ff8-48237c5acb5e:266 [F:30 Worker:4] Going to sleep...
400197a0-fe4a-46c9-8ff8-48237c5acb5e:254 [F:30 Worker:2] No work, incremented idle to 81.
400197a0-fe4a-46c9-8ff8-48237c5acb5e:254 [F:30 Worker:10] No work, incremented idle to 81.
400197a0-fe4a-46c9-8ff8-48237c5acb5e:270 [F:30 Worker:1] Woke up.
400197a0-fe4a-46c9-8ff8-48237c5acb5e:270 [F:30 Worker:3] Woke up.
Scheduler.js:630 [F:30 Main:0] Notifying 1 thread (idle count was 81).
400197a0-fe4a-46c9-8ff8-48237c5acb5e:270 [F:30 Worker:4] Woke up.
400197a0-fe4a-46c9-8ff8-48237c5acb5e:266 [F:30 Worker:10] Going to sleep...
400197a0-fe4a-46c9-8ff8-48237c5acb5e:266 [F:30 Worker:2] Going to sleep...
400197a0-fe4a-46c9-8ff8-48237c5acb5e:254 [F:30 Worker:11] No work, incremented idle to 82.
400197a0-fe4a-46c9-8ff8-48237c5acb5e:254 [F:30 Worker:1] No work, incremented idle to 84.
400197a0-fe4a-46c9-8ff8-48237c5acb5e:254 [F:30 Worker:3] No work, incremented idle to 85.
400197a0-fe4a-46c9-8ff8-48237c5acb5e:254 [F:30 Worker:7] No work, incremented idle to 83.
400197a0-fe4a-46c9-8ff8-48237c5acb5e:270 [F:30 Worker:2] Woke up.
400197a0-fe4a-46c9-8ff8-48237c5acb5e:266 [F:30 Worker:11] Going to sleep...
400197a0-fe4a-46c9-8ff8-48237c5acb5e:266 [F:30 Worker:8] Going to sleep...
Scheduler.js:722 [F:30 Main:0] Job 0 unlocked Job 11.
400197a0-fe4a-46c9-8ff8-48237c5acb5e:266 [F:30 Worker:3] Going to sleep...
400197a0-fe4a-46c9-8ff8-48237c5acb5e:266 [F:30 Worker:1] Going to sleep...
400197a0-fe4a-46c9-8ff8-48237c5acb5e:266 [F:30 Worker:7] Going to sleep...
400197a0-fe4a-46c9-8ff8-48237c5acb5e:270 [F:30 Worker:11] Woke up.
400197a0-fe4a-46c9-8ff8-48237c5acb5e:270 [F:30 Worker:8] Woke up.
400197a0-fe4a-46c9-8ff8-48237c5acb5e:254 [F:30 Worker:2] No work, incremented idle to 86.
Scheduler.js:630 [F:30 Main:0] Notifying 1 thread (idle count was 86).
400197a0-fe4a-46c9-8ff8-48237c5acb5e:270 [F:30 Worker:6] Woke up.
400197a0-fe4a-46c9-8ff8-48237c5acb5e:270 [F:30 Worker:3] Woke up.
400197a0-fe4a-46c9-8ff8-48237c5acb5e:270 [F:30 Worker:7] Woke up.
400197a0-fe4a-46c9-8ff8-48237c5acb5e:266 [F:30 Worker:2] Going to sleep...
400197a0-fe4a-46c9-8ff8-48237c5acb5e:254 [F:30 Worker:11] No work, incremented idle to 87.
Scheduler.js:722 [F:30 Main:0] Job 0 unlocked Job 12.
400197a0-fe4a-46c9-8ff8-48237c5acb5e:254 [F:30 Worker:8] No work, incremented idle to 88.
400197a0-fe4a-46c9-8ff8-48237c5acb5e:254 [F:30 Worker:3] No work, incremented idle to 89.
400197a0-fe4a-46c9-8ff8-48237c5acb5e:254 [F:30 Worker:7] No work, incremented idle to 90.
400197a0-fe4a-46c9-8ff8-48237c5acb5e:266 [F:30 Worker:11] Going to sleep...
400197a0-fe4a-46c9-8ff8-48237c5acb5e:270 [F:30 Worker:2] Woke up.
Scheduler.js:630 [F:30 Main:0] Notifying 1 thread (idle count was 91).
400197a0-fe4a-46c9-8ff8-48237c5acb5e:260 [F:30 Worker:8] Found job 12 on final check. Aborting sleep.
400197a0-fe4a-46c9-8ff8-48237c5acb5e:254 [F:30 Worker:6] No work, incremented idle to 91.
400197a0-fe4a-46c9-8ff8-48237c5acb5e:266 [F:30 Worker:3] Going to sleep...
400197a0-fe4a-46c9-8ff8-48237c5acb5e:266 [F:30 Worker:7] Going to sleep...
400197a0-fe4a-46c9-8ff8-48237c5acb5e:270 [F:30 Worker:1] Woke up.
400197a0-fe4a-46c9-8ff8-48237c5acb5e:270 [F:30 Worker:11] Woke up.
400197a0-fe4a-46c9-8ff8-48237c5acb5e:254 [F:30 Worker:2] No work, incremented idle to 92.
Scheduler.js:722 [F:30 Main:0] Job 0 unlocked Job 13.
400197a0-fe4a-46c9-8ff8-48237c5acb5e:270 [F:30 Worker:3] Woke up.
400197a0-fe4a-46c9-8ff8-48237c5acb5e:270 [F:30 Worker:7] Woke up.
400197a0-fe4a-46c9-8ff8-48237c5acb5e:266 [F:30 Worker:6] Going to sleep...
400197a0-fe4a-46c9-8ff8-48237c5acb5e:254 [F:30 Worker:11] No work, incremented idle to 92.
400197a0-fe4a-46c9-8ff8-48237c5acb5e:266 [F:30 Worker:2] Going to sleep...
400197a0-fe4a-46c9-8ff8-48237c5acb5e:254 [F:30 Worker:8] No work, incremented idle to 93.
Scheduler.js:630 [F:30 Main:0] Notifying 1 thread (idle count was 93).
400197a0-fe4a-46c9-8ff8-48237c5acb5e:254 [F:30 Worker:3] No work, incremented idle to 94.
400197a0-fe4a-46c9-8ff8-48237c5acb5e:266 [F:30 Worker:11] Going to sleep...
400197a0-fe4a-46c9-8ff8-48237c5acb5e:254 [F:30 Worker:7] No work, incremented idle to 95.
400197a0-fe4a-46c9-8ff8-48237c5acb5e:270 [F:30 Worker:2] Woke up.
Scheduler.js:722 [F:30 Main:0] Job 0 unlocked Job 14.
400197a0-fe4a-46c9-8ff8-48237c5acb5e:254 [F:30 Worker:4] No work, incremented idle to 96.
400197a0-fe4a-46c9-8ff8-48237c5acb5e:270 [F:30 Worker:11] Woke up.
400197a0-fe4a-46c9-8ff8-48237c5acb5e:266 [F:30 Worker:3] Going to sleep...
400197a0-fe4a-46c9-8ff8-48237c5acb5e:266 [F:30 Worker:7] Going to sleep...
400197a0-fe4a-46c9-8ff8-48237c5acb5e:270 [F:30 Worker:6] Woke up.
Scheduler.js:630 [F:30 Main:0] Notifying 1 thread (idle count was 96).
400197a0-fe4a-46c9-8ff8-48237c5acb5e:270 [F:30 Worker:3] Woke up.
400197a0-fe4a-46c9-8ff8-48237c5acb5e:266 [F:30 Worker:4] Going to sleep...
400197a0-fe4a-46c9-8ff8-48237c5acb5e:254 [F:30 Worker:1] No work, incremented idle to 97.
400197a0-fe4a-46c9-8ff8-48237c5acb5e:254 [F:30 Worker:11] No work, incremented idle to 98.
400197a0-fe4a-46c9-8ff8-48237c5acb5e:270 [F:30 Worker:7] Woke up.
400197a0-fe4a-46c9-8ff8-48237c5acb5e:373 [F:30 Worker:2] Job 14 unlocked Job 15.
Scheduler.js:596 [F:30 Main:0] No work, incremented idle to 99.
400197a0-fe4a-46c9-8ff8-48237c5acb5e:270 [F:30 Worker:4] Woke up.
400197a0-fe4a-46c9-8ff8-48237c5acb5e:266 [F:30 Worker:11] Going to sleep...
400197a0-fe4a-46c9-8ff8-48237c5acb5e:254 [F:30 Worker:3] No work, incremented idle to 100.
400197a0-fe4a-46c9-8ff8-48237c5acb5e:254 [F:30 Worker:7] No work, incremented idle to 101.
400197a0-fe4a-46c9-8ff8-48237c5acb5e:283 [F:30 Worker:2] Notifying 1 thread(s) (idle count was 100).
400197a0-fe4a-46c9-8ff8-48237c5acb5e:254 [F:30 Worker:6] No work, incremented idle to 102.
Scheduler.js:604 [F:30 Main:0] Found job 15 on final check. Aborting sleep.
400197a0-fe4a-46c9-8ff8-48237c5acb5e:270 [F:30 Worker:11] Woke up.
400197a0-fe4a-46c9-8ff8-48237c5acb5e:266 [F:30 Worker:3] Going to sleep...
400197a0-fe4a-46c9-8ff8-48237c5acb5e:254 [F:30 Worker:4] No work, incremented idle to 103.
400197a0-fe4a-46c9-8ff8-48237c5acb5e:266 [F:30 Worker:7] Going to sleep...
400197a0-fe4a-46c9-8ff8-48237c5acb5e:254 [F:30 Worker:2] No work, incremented idle to 104.
400197a0-fe4a-46c9-8ff8-48237c5acb5e:270 [F:30 Worker:10] Woke up.
400197a0-fe4a-46c9-8ff8-48237c5acb5e:266 [F:30 Worker:4] Going to sleep...
400197a0-fe4a-46c9-8ff8-48237c5acb5e:266 [F:30 Worker:8] Going to sleep...
400197a0-fe4a-46c9-8ff8-48237c5acb5e:266 [F:30 Worker:6] Going to sleep...
400197a0-fe4a-46c9-8ff8-48237c5acb5e:270 [F:30 Worker:7] Woke up.
Scheduler.js:498 [F:30 Main:0] Work loop finished. Entering barrier.
400197a0-fe4a-46c9-8ff8-48237c5acb5e:266 [F:30 Worker:2] Going to sleep...
400197a0-fe4a-46c9-8ff8-48237c5acb5e:270 [F:30 Worker:8] Woke up.
400197a0-fe4a-46c9-8ff8-48237c5acb5e:222 [F:30 Worker:9] Work loop finished. Entering barrier.
400197a0-fe4a-46c9-8ff8-48237c5acb5e:222 [F:30 Worker:10] Work loop finished. Entering barrier.
400197a0-fe4a-46c9-8ff8-48237c5acb5e:266 [F:30 Worker:1] Going to sleep...
Scheduler.js:521 [F:30 Main:0] Waiting at barrier...
400197a0-fe4a-46c9-8ff8-48237c5acb5e:222 [F:30 Worker:7] Work loop finished. Entering barrier.
400197a0-fe4a-46c9-8ff8-48237c5acb5e:243 [F:30 Worker:9] Waiting at barrier...
400197a0-fe4a-46c9-8ff8-48237c5acb5e:222 [F:30 Worker:8] Work loop finished. Entering barrier.
400197a0-fe4a-46c9-8ff8-48237c5acb5e:243 [F:30 Worker:10] Waiting at barrier...
400197a0-fe4a-46c9-8ff8-48237c5acb5e:270 [F:30 Worker:3] Woke up.
400197a0-fe4a-46c9-8ff8-48237c5acb5e:270 [F:30 Worker:6] Woke up.
400197a0-fe4a-46c9-8ff8-48237c5acb5e:270 [F:30 Worker:1] Woke up.
400197a0-fe4a-46c9-8ff8-48237c5acb5e:243 [F:30 Worker:7] Waiting at barrier...
400197a0-fe4a-46c9-8ff8-48237c5acb5e:266 [F:30 Worker:5] Going to sleep...
400197a0-fe4a-46c9-8ff8-48237c5acb5e:222 [F:30 Worker:11] Work loop finished. Entering barrier.
400197a0-fe4a-46c9-8ff8-48237c5acb5e:270 [F:30 Worker:4] Woke up.
400197a0-fe4a-46c9-8ff8-48237c5acb5e:243 [F:30 Worker:8] Waiting at barrier...
400197a0-fe4a-46c9-8ff8-48237c5acb5e:222 [F:30 Worker:6] Work loop finished. Entering barrier.
400197a0-fe4a-46c9-8ff8-48237c5acb5e:222 [F:30 Worker:3] Work loop finished. Entering barrier.
400197a0-fe4a-46c9-8ff8-48237c5acb5e:243 [F:30 Worker:11] Waiting at barrier...
400197a0-fe4a-46c9-8ff8-48237c5acb5e:222 [F:30 Worker:1] Work loop finished. Entering barrier.
400197a0-fe4a-46c9-8ff8-48237c5acb5e:222 [F:30 Worker:4] Work loop finished. Entering barrier.
400197a0-fe4a-46c9-8ff8-48237c5acb5e:270 [F:30 Worker:5] Woke up.
400197a0-fe4a-46c9-8ff8-48237c5acb5e:243 [F:30 Worker:6] Waiting at barrier...
400197a0-fe4a-46c9-8ff8-48237c5acb5e:243 [F:30 Worker:3] Waiting at barrier...
400197a0-fe4a-46c9-8ff8-48237c5acb5e:243 [F:30 Worker:1] Waiting at barrier...
400197a0-fe4a-46c9-8ff8-48237c5acb5e:243 [F:30 Worker:4] Waiting at barrier...
400197a0-fe4a-46c9-8ff8-48237c5acb5e:222 [F:30 Worker:5] Work loop finished. Entering barrier.
400197a0-fe4a-46c9-8ff8-48237c5acb5e:243 [F:30 Worker:5] Waiting at barrier...
